{"synthetic": false,
 "schemaVersion": "2025-09-10",
 "outputs": null,
 "log":
 [{"message":
   ".> ELAN=elan ELAN_HOME=/home/runner/.elan ELAN_TOOLCHAIN=leanprover/lean4:v4.34.0 LAKE=/home/runner/.elan/toolchains/leanprover--lean4---v4.34.0/bin/lake LAKE_HOME=/home/runner/.elan/toolchains/leanprover--lean4---v4.34.0 LAKE_CONFIG=/home/runner/.lake/config.toml LAKE_PKG_URL_MAP={} LAKE_NO_CACHE=false LAKE_CACHE_KEY= LAKE_CACHE_ARTIFACT_ENDPOINT= LAKE_CACHE_REVISION_ENDPOINT= LAKE_CACHE_SERVICE= LEAN=/home/runner/.elan/toolchains/leanprover--lean4---v4.34.0/bin/lean LEAN_SYSROOT=/home/runner/.elan/toolchains/leanprover--lean4---v4.34.0 LEAN_AR=/home/runner/.elan/toolchains/leanprover--lean4---v4.34.0/bin/llvm-ar LEAN_CC= LAKE_CACHE_DIR=/home/runner/.elan/toolchains/leanprover--lean4---v4.34.0/lake/cache LAKE_ARTIFACT_CACHE= LAKE_RESTORE_ARTIFACTS= LEAN_PATH=/home/runner/work/lean4-unicode-basic/lean4-unicode-basic/docs/.lake/packages/MD4Lean/.lake/build/lib/lean:/home/runner/work/lean4-unicode-basic/lean4-unicode-basic/docs/.lake/packages/BibtexQuery/.lake/build/lib/lean:/home/runner/work/lean4-unicode-basic/lean4-unicode-basic/docs/.lake/packages/Cli/.lake/build/lib/lean:/home/runner/work/lean4-unicode-basic/lean4-unicode-basic/docs/.lake/packages/leansqlite/.lake/build/lib/lean:/home/runner/work/lean4-unicode-basic/lean4-unicode-basic/docs/.lake/packages/doc-gen4/.lake/build/lib/lean:/home/runner/work/lean4-unicode-basic/lean4-unicode-basic/.lake/build/lib/lean:/home/runner/work/lean4-unicode-basic/lean4-unicode-basic/docs/lib/lean:/home/runner/.elan/toolchains/leanprover--lean4---v4.34.0/lib/lean LEAN_SRC_PATH=/home/runner/work/lean4-unicode-basic/lean4-unicode-basic/docs/.lake/packages/MD4Lean:/home/runner/work/lean4-unicode-basic/lean4-unicode-basic/docs/.lake/packages/MD4Lean:/home/runner/work/lean4-unicode-basic/lean4-unicode-basic/docs/.lake/packages/BibtexQuery:/home/runner/work/lean4-unicode-basic/lean4-unicode-basic/docs/.lake/packages/Cli:/home/runner/work/lean4-unicode-basic/lean4-unicode-basic/docs/.lake/packages/Cli:/home/runner/work/lean4-unicode-basic/lean4-unicode-basic/docs/.lake/packages/leansqlite:/home/runner/work/lean4-unicode-basic/lean4-unicode-basic/docs/.lake/packages/doc-gen4:/home/runner/work/lean4-unicode-basic/lean4-unicode-basic:/home/runner/.elan/toolchains/leanprover--lean4---v4.34.0/src/lean/lake LEAN_GITHASH=293d5d0c0c3f3dded4688b3ccd6a33939ac5102b PATH LD_LIBRARY_PATH=/home/runner/.elan/toolchains/leanprover--lean4---v4.34.0/lib/lean:/home/runner/.elan/toolchains/leanprover--lean4---v4.34.0/lib:/home/runner/work/lean4-unicode-basic/lean4-unicode-basic/docs/lib:/home/runner/work/lean4-unicode-basic/lean4-unicode-basic/.lake/build/lib:/home/runner/work/lean4-unicode-basic/lean4-unicode-basic/docs/.lake/packages/doc-gen4/.lake/build/lib:/home/runner/work/lean4-unicode-basic/lean4-unicode-basic/docs/.lake/packages/leansqlite/.lake/build/lib:/home/runner/work/lean4-unicode-basic/lean4-unicode-basic/docs/.lake/packages/Cli/.lake/build/lib:/home/runner/work/lean4-unicode-basic/lean4-unicode-basic/docs/.lake/packages/BibtexQuery/.lake/build/lib:/home/runner/work/lean4-unicode-basic/lean4-unicode-basic/docs/.lake/packages/MD4Lean/.lake/build/lib /home/runner/work/lean4-unicode-basic/lean4-unicode-basic/docs/.lake/packages/doc-gen4/.lake/build/bin/doc-gen4 single --build /home/runner/work/lean4-unicode-basic/lean4-unicode-basic/docs UnicodeBasic.TableLookup api-docs.db https://github.com/fgdorais/lean4-unicode-basic/blob/0e569d08b6443ce0908d356884c765397253e2f0/UnicodeBasic/TableLookup.lean",
   "level": "trace"}],
 "inputs":
 [["<nil>", "e0ef540168b1a2cd"],
  ["<collection>",
   [["/home/runner/work/lean4-unicode-basic/lean4-unicode-basic/docs/doc-data/UnicodeBasic.CharacterDatabase.doc",
     "21c42906adea99f5"],
    ["/home/runner/work/lean4-unicode-basic/lean4-unicode-basic/docs/doc-data/UnicodeBasic.Hangul.doc",
     "21c42906adea99f5"],
    ["/home/runner/work/lean4-unicode-basic/lean4-unicode-basic/docs/doc-data/UnicodeBasic.Types.doc",
     "21c42906adea99f5"]]],
  ["/home/runner/work/lean4-unicode-basic/lean4-unicode-basic/docs/doc-data/references.json",
   "16fb262bc340d332"],
  ["/home/runner/work/lean4-unicode-basic/lean4-unicode-basic/docs/.lake/packages/doc-gen4/.lake/build/bin/doc-gen4",
   "f20e205d14c3d80e"],
  ["UnicodeBasic.TableLookup", "77d70d3df7dbae7e"]],
 "depHash": "a3c1e775e969287c"}